Microchip MPLAB XC8 Compiler V2.36

Linker command line:

-W-3 --edf=/opt/microchip/xc8/v2.36/pic/dat/en_msgs.txt -pivt0x8=08h -cn \
  -h+dist/default/production/Boot18.X.production.sym \
  --cmf=dist/default/production/Boot18.X.production.cmf -z -Q18F47Q43 \
  -o/tmp/xcXCGojPA --defsym=__MPLAB_BUILD=1 \
  -Mdist/default/production/Boot18.X.production.map --md=/tmp/xcXKOjPfN.dat \
  -E1 -ver=XC8 Compiler --acfsm=1493 -ACODE=00h-01FFFFh -ACONST=00h-01FFFFh \
  -ASMALLCONST=02600h-026FFhx474 \
  -AMEDIUMCONST=02600h-0FFFFh,012600h-01FFFFh -ACOMRAM=0501h-055Fh \
  -AABS1=0500h-025FFh -ABIGRAM=0501h-025FFh \
  -ARAM=0560h-05FFh,0600h-06FFhx32 -ABANK5=0560h-05FFh -ABANK6=0600h-06FFh \
  -ABANK7=0700h-07FFh -ABANK8=0800h-08FFh -ABANK9=0900h-09FFh \
  -ABANK10=0A00h-0AFFh -ABANK11=0B00h-0BFFh -ABANK12=0C00h-0CFFh \
  -ABANK13=0D00h-0DFFh -ABANK14=0E00h-0EFFh -ABANK15=0F00h-0FFFh \
  -ABANK16=01000h-010FFh -ABANK17=01100h-011FFh -ABANK18=01200h-012FFh \
  -ABANK19=01300h-013FFh -ABANK20=01400h-014FFh -ABANK21=01500h-015FFh \
  -ABANK22=01600h-016FFh -ABANK23=01700h-017FFh -ABANK24=01800h-018FFh \
  -ABANK25=01900h-019FFh -ABANK26=01A00h-01AFFh -ABANK27=01B00h-01BFFh \
  -ABANK28=01C00h-01CFFh -ABANK29=01D00h-01DFFh -ABANK30=01E00h-01EFFh \
  -ABANK31=01F00h-01FFFh -ABANK32=02000h-020FFh -ABANK33=02100h-021FFh \
  -ABANK34=02200h-022FFh -ABANK35=02300h-023FFh -ABANK36=02400h-024FFh \
  -ABANK37=02500h-025FFh -ASFR=00h-0FFhx4,0400h-045Fh,0460h-04FFh \
  -ABIGSFR=00h-04FFh -ACONFIG=0300000h-0300011h -AIDLOC=0200000h-020001Fh \
  -AEEDATA=0380000h-03803FFh -peeprom_data=EEDATA -preset_vec=00h \
  -ppowerup=CODE,init -pramtop=02600h -psmallconst=SMALLCONST \
  -pmediumconst=MEDIUMCONST -pconst=CONST -AFARRAM=00h-00h \
  -prdata=COMRAM,nvrram=COMRAM,nvbit=COMRAM,rbss=COMRAM,rbit=COMRAM \
  -pfarbss=FARRAM,fardata=FARRAM,nvFARRAM=FARRAM \
  -pintsave_regs=BIGRAM,bigbss=BIGRAM,bigdata=BIGRAM -pbss=RAM \
  -pidata=CODE,irdata=CODE,ibigdata=CODE,ifardata=CODE -prparam=COMRAM \
  /tmp/xcXOfDJCJ.o dist/default/production/Boot18.X.production.o 

Object code version is 3.11

Machine type is 18F47Q43



                Name                               Link     Load   Length Selector   Space Scale
/tmp/xcXOfDJCJ.o
                idloc                            200000   200000       20        0       5
                config                           300000   300000        A        0       4
                init                                 1A       1A        4        4       0
                reset_vec                             0        0        4        0       0
dist/default/production/Boot18.X.production.o
                idloc                            200000   200000       20        0       5
                config                           300000   300000        A        0       4
                ivt0x8                                8        8       12        4       0
                text26                              ADA      ADA       2A        4       0
                text25                              BDC      BDC        6        4       0
                text24                              BE8      BE8        2        4       0
                text23                              BE6      BE6        2        4       0
                text22                              542      542       C4        4       0
                text21                              A98      A98       42        4       0
                text20                              8B0      8B0       8A        4       0
                text19                              BE2      BE2        4        4       0
                text18                              B4E      B4E       1C        4       0
                text17                              818      818       98        4       0
                text16                              B2A      B2A       24        4       0
                text15                              BCE      BCE        E        4       0
                text14                              BC0      BC0        E        4       0
                text13                              BB2      BB2        E        4       0
                text12                              BA4      BA4        E        4       0
                text11                              B96      B96        E        4       0
                text10                              774      774       A4        4       0
                text9                               B80      B80       16        4       0
                text8                               A48      A48       50        4       0
                text7                               B6A      B6A       16        4       0
                text6                               606      606       BE        4       0
                text5                               9EE      9EE       5A        4       0
                text4                               994      994       5A        4       0
                text3                                1E       1E      298        4       0
                text2                               2B6      2B6      28C        4       0
                text1                               B04      B04       26        4       0
                text0                               93A      93A       5A        4       0
                cstackCOMRAM                        522      522       1E      501       1
                bssBANK12                           C00      C00       FF      C00       1
                bssBANK11                           B00      B00       FF      B00       1
                bssBANK10                           A00      A00       FF      A00       1
                bssBANK9                            900      900       FF      900       1
                bssBANK8                            800      800       FF      800       1
                bssBANK7                            700      700       F8      700       1
                bssBANK6                            600      600       F0      600       1
                dataCOMRAM                          550      550        1      501       1
                bssCOMRAM                           501      501       21      501       1
                cinit                               6C4      6C4       B0        4       0
                nvCOMRAM                            540      540       10      501       1
                idataCOMRAM                         BEA      BEA        1        4       0

TOTAL           Name                               Link     Load   Length     Space
        CLASS   CODE           
                init                                 1A       1A        4         0
                reset_vec                             0        0        4         0
                ivt0x8                                8        8       12         0
                text26                              ADA      ADA       2A         0
                text25                              BDC      BDC        6         0
                text24                              BE8      BE8        2         0
                text23                              BE6      BE6        2         0
                text22                              542      542       C4         0
                text21                              A98      A98       42         0
                text20                              8B0      8B0       8A         0
                text19                              BE2      BE2        4         0
                text18                              B4E      B4E       1C         0
                text17                              818      818       98         0
                text16                              B2A      B2A       24         0
                text15                              BCE      BCE        E         0
                text14                              BC0      BC0        E         0
                text13                              BB2      BB2        E         0
                text12                              BA4      BA4        E         0
                text11                              B96      B96        E         0
                text10                              774      774       A4         0
                text9                               B80      B80       16         0
                text8                               A48      A48       50         0
                text7                               B6A      B6A       16         0
                text6                               606      606       BE         0
                text5                               9EE      9EE       5A         0
                text4                               994      994       5A         0
                text3                                1E       1E      298         0
                text2                               2B6      2B6      28C         0
                text1                               B04      B04       26         0
                text0                               93A      93A       5A         0
                cinit                               6C4      6C4       B0         0
                idataCOMRAM                         BEA      BEA        1         0

        CLASS   CONST          

        CLASS   SMALLCONST     

        CLASS   MEDIUMCONST    

        CLASS   COMRAM         
                cstackCOMRAM                        522      522       1E         1
                dataCOMRAM                          550      550        1         1
                bssCOMRAM                           501      501       21         1
                nvCOMRAM                            540      540       10         1

        CLASS   ABS1           
                abs_s1                             1500     1500        2         1

        CLASS   BIGRAM         

        CLASS   RAM            

        CLASS   BANK5          

        CLASS   BANK6          
                bssBANK6                            600      600       F0         1

        CLASS   BANK7          
                bssBANK7                            700      700       F8         1

        CLASS   BANK8          
                bssBANK8                            800      800       FF         1

        CLASS   BANK9          
                bssBANK9                            900      900       FF         1

        CLASS   BANK10         
                bssBANK10                           A00      A00       FF         1

        CLASS   BANK11         
                bssBANK11                           B00      B00       FF         1

        CLASS   BANK12         
                bssBANK12                           C00      C00       FF         1

        CLASS   BANK13         

        CLASS   BANK14         

        CLASS   BANK15         

        CLASS   BANK16         

        CLASS   BANK17         

        CLASS   BANK18         

        CLASS   BANK19         

        CLASS   BANK20         

        CLASS   BANK21         

        CLASS   BANK22         

        CLASS   BANK23         

        CLASS   BANK24         

        CLASS   BANK25         

        CLASS   BANK26         

        CLASS   BANK27         

        CLASS   BANK28         

        CLASS   BANK29         

        CLASS   BANK30         

        CLASS   BANK31         

        CLASS   BANK32         

        CLASS   BANK33         

        CLASS   BANK34         

        CLASS   BANK35         

        CLASS   BANK36         

        CLASS   BANK37         

        CLASS   SFR            

        CLASS   BIGSFR         

        CLASS   CONFIG         
                config                           300000   300000        A         4

        CLASS   IDLOC          
                idloc                            200000   200000       20         5

        CLASS   EEDATA         

        CLASS   FARRAM         

        CLASS   HEAP           

        CLASS   STACK          



SEGMENTS        Name                           Load    Length   Top    Selector   Space  Class

                bssBANK7                       000700  0000F8  0007F8       700       1  BANK7   
                reset_vec                      000000  000004  000004         0       0  CODE    
                bssBANK6                       000600  0000F0  0006F0       600       1  BANK6   
                bssBANK12                      000C00  0000FF  000CFF       C00       1  BANK12  
                bssBANK11                      000B00  0000FF  000BFF       B00       1  BANK11  
                ivt0x8                         000008  000BE3  000BEB         4       0  CODE    
                bssBANK10                      000A00  0000FF  000AFF       A00       1  BANK10  
                bssBANK9                       000900  0000FF  0009FF       900       1  BANK9   
                bssCOMRAM                      000501  000050  000551       501       1  COMRAM  
                bssBANK8                       000800  0000FF  0008FF       800       1  BANK8   


UNUSED ADDRESS RANGES

        Name                Unused          Largest block    Delta
        BANK10           000AFF-000AFF                1
        BANK11           000BFF-000BFF                1
        BANK12           000CFF-000CFF                1
        BANK13           000D00-000DFF              100
        BANK14           000E00-000EFF              100
        BANK15           000F00-000FFF              100
        BANK16           001000-0010FF              100
        BANK17           001100-0011FF              100
        BANK18           001200-0012FF              100
        BANK19           001300-0013FF              100
        BANK20           001400-0014FF              100
        BANK21           001502-0015FF               FE
        BANK22           001600-0016FF              100
        BANK23           001700-0017FF              100
        BANK24           001800-0018FF              100
        BANK25           001900-0019FF              100
        BANK26           001A00-001AFF              100
        BANK27           001B00-001BFF              100
        BANK28           001C00-001CFF              100
        BANK29           001D00-001DFF              100
        BANK30           001E00-001EFF              100
        BANK31           001F00-001FFF              100
        BANK32           002000-0020FF              100
        BANK33           002100-0021FF              100
        BANK34           002200-0022FF              100
        BANK35           002300-0023FF              100
        BANK36           002400-0024FF              100
        BANK37           002500-0025FF              100
        BANK5            000560-0005FF               A0
        BANK6            0006F0-0006FF               10
        BANK7            0007F8-0007FF                8
        BANK8            0008FF-0008FF                1
        BANK9            0009FF-0009FF                1
        BIGRAM           000551-0005FF               AF
                         0006F0-0006FF               10
                         0007F8-0007FF                8
                         0008FF-0008FF                1
                         0009FF-0009FF                1
                         000AFF-000AFF                1
                         000BFF-000BFF                1
                         000CFF-0014FF              801
                         001502-0025FF             10FE
        BIGSFR           000000-0004FF              500
        CODE             000004-000007                4
                         000BEB-01FFFF            1F415
        COMRAM           000551-00055F                F
        CONFIG           30000A-300011                8
        CONST            000004-000007                4
                         000BEB-01FFFF            1F415
        EEDATA           380000-3803FF              400
        MEDIUMCONST      002600-00FFFF             DA00
                         012600-01FFFF             DA00
        RAM              000560-0005FF               A0
                         0006F0-0006FF               10
                         0007F8-0007FF                8
                         0008FF-0008FF                1
                         0009FF-0009FF                1
                         000AFF-000AFF                1
                         000BFF-000BFF                1
                         000CFF-0014FF              100
                         001502-0025FF              100
        SFR              000000-0004FF              100
        SMALLCONST       002600-01FFFF              100

                                  Symbol Table

CalcCrc16_Poly@crc                            cstackCOMRAM 000538
CalcCrc16_Poly@crc_h                          cstackCOMRAM 00052E
CalcCrc16_Poly@crc_hig                        cstackCOMRAM 000535
CalcCrc16_Poly@crc_initial                    cstackCOMRAM 000524
CalcCrc16_Poly@crc_l                          cstackCOMRAM 00052C
CalcCrc16_Poly@crc_low                        cstackCOMRAM 000534
CalcCrc16_Poly@data                           cstackCOMRAM 000532
CalcCrc16_Poly@i                              cstackCOMRAM 000536
CalcCrc16_Poly@j                              cstackCOMRAM 000537
CalcCrc16_Poly@pBuf                           cstackCOMRAM 000528
CalcCrc16_Poly@poly                           cstackCOMRAM 000526
CalcCrc16_Poly@wLen                           cstackCOMRAM 00052A
IVTBASEH                                      (abs)        00045E
IVTBASEL                                      (abs)        00045D
IVTBASEU                                      (abs)        00045F
UART5_Read@readValue                          cstackCOMRAM 000524
UART5_SetErrorHandler@interruptHandler        cstackCOMRAM 000524
UART5_SetFramingErrorHandler@interruptHandler cstackCOMRAM 000524
UART5_SetOverrunErrorHandler@interruptHandler cstackCOMRAM 000524
UART5_SetRxInterruptHandler@InterruptHandler  cstackCOMRAM 000524
UART5_SetTxInterruptHandler@InterruptHandler  cstackCOMRAM 000524
UART5_Write@txData                            cstackCOMRAM 000524
_ACTCON                                       (abs)        0000AC
_ANSELA                                       (abs)        000400
_ANSELB                                       (abs)        000408
_ANSELC                                       (abs)        000410
_ANSELD                                       (abs)        000418
_ANSELE                                       (abs)        000420
_CalcCrc16_Poly                               text6        000606
_INLVLA                                       (abs)        000404
_INLVLB                                       (abs)        00040C
_INLVLC                                       (abs)        000414
_INLVLD                                       (abs)        00041C
_INLVLE                                       (abs)        000424
_INTCON0bits                                  (abs)        0004D6
_INTERRUPT_Initialize                         text19       000BE2
_INTERRUPT_InterruptManager                   text20       0008B0
_LATA                                         (abs)        0004BE
_LATB                                         (abs)        0004BF
_LATBbits                                     (abs)        0004BF
_LATC                                         (abs)        0004C0
_LATD                                         (abs)        0004C1
_LATE                                         (abs)        0004C2
_NVMADRH                                      (abs)        000044
_NVMADRL                                      (abs)        000043
_NVMADRU                                      (abs)        000045
_NVMCON0bits                                  (abs)        000040
_NVMCON1bits                                  (abs)        000041
_NVMDATL                                      (abs)        000046
_NVMLOCK                                      (abs)        000042
_ODCONA                                       (abs)        000402
_ODCONB                                       (abs)        00040A
_ODCONC                                       (abs)        000412
_ODCOND                                       (abs)        00041A
_ODCONE                                       (abs)        000422
_OSCCON1                                      (abs)        0000AD
_OSCCON3                                      (abs)        0000AF
_OSCEN                                        (abs)        0000B3
_OSCFRQ                                       (abs)        0000B1
_OSCILLATOR_Initialize                        text18       000B4E
_OSCTUNE                                      (abs)        0000B0
_PIE13bits                                    (abs)        0004AB
_PIN_MANAGER_Initialize                       text17       000818
_PIR13bits                                    (abs)        0004BB
_PIR15bits                                    (abs)        0004BD
_PMD0                                         (abs)        000060
_PMD1                                         (abs)        000061
_PMD3                                         (abs)        000063
_PMD4                                         (abs)        000064
_PMD5                                         (abs)        000065
_PMD6                                         (abs)        000066
_PMD7                                         (abs)        000067
_PMD8                                         (abs)        000068
_PMD_Initialize                               text16       000B2A
_RB1I2C                                       (abs)        000289
_RB2I2C                                       (abs)        000288
_RC3I2C                                       (abs)        000287
_RC4I2C                                       (abs)        000286
_RC5PPS                                       (abs)        000216
_SLRCONA                                      (abs)        000403
_SLRCONB                                      (abs)        00040B
_SLRCONC                                      (abs)        000413
_SLRCOND                                      (abs)        00041B
_SLRCONE                                      (abs)        000423
_SYSTEM_Initialize                            text9        000B80
_TABLAT                                       (abs)        0004F5
_TBLPTRH                                      (abs)        0004F7
_TBLPTRL                                      (abs)        0004F6
_TBLPTRU                                      (abs)        0004F8
_TRISA                                        (abs)        0004C6
_TRISB                                        (abs)        0004C7
_TRISC                                        (abs)        0004C8
_TRISD                                        (abs)        0004C9
_TRISE                                        (abs)        0004CA
_U5BRGH                                       (abs)        0002FB
_U5BRGL                                       (abs)        0002FA
_U5CON0                                       (abs)        0002F7
_U5CON1                                       (abs)        0002F8
_U5CON2                                       (abs)        0002F9
_U5ERRIE                                      (abs)        0002FF
_U5ERRIR                                      (abs)        0002FE
_U5ERRIRbits                                  (abs)        0002FE
_U5FIFO                                       (abs)        0002FC
_U5P1L                                        (abs)        0002F1
_U5P2L                                        (abs)        0002F3
_U5P3L                                        (abs)        0002F5
_U5RXB                                        (abs)        0002ED
_U5RXPPS                                      (abs)        00027A
_U5TXB                                        (abs)        0002EF
_U5UIR                                        (abs)        0002FD
_UART5_DefaultErrorHandler                    text25       000BDC
_UART5_DefaultFramingErrorHandler             text24       000BE8
_UART5_DefaultOverrunErrorHandler             text23       000BE6
_UART5_ErrorHandler                           nvCOMRAM     000540
_UART5_FramingErrorHandler                    nvCOMRAM     000546
_UART5_Initialize                             text10       000774
_UART5_OverrunErrorHandler                    nvCOMRAM     000543
_UART5_Read                                   text8        000A48
_UART5_Receive_ISR                            text22       000542
_UART5_RxDataHandler                          text26       000ADA
_UART5_RxInterruptHandler                     nvCOMRAM     00054C
_UART5_SetErrorHandler                        text15       000BCE
_UART5_SetFramingErrorHandler                 text14       000BC0
_UART5_SetOverrunErrorHandler                 text13       000BB2
_UART5_SetRxInterruptHandler                  text12       000BA4
_UART5_SetTxInterruptHandler                  text11       000B96
_UART5_Transmit_ISR                           text21       000A98
_UART5_TxInterruptHandler                     nvCOMRAM     000549
_UART5_Write                                  text5        0009EE
_UART5_is_rx_ready                            text7        000B6A
_WPUA                                         (abs)        000401
_WPUB                                         (abs)        000409
_WPUC                                         (abs)        000411
_WPUD                                         (abs)        000419
_WPUE                                         (abs)        000421
__HRAM                                        (abs)        000000
__Habs1                                       abs1         000000
__Hbank10                                     bank10       000000
__Hbank11                                     bank11       000000
__Hbank12                                     bank12       000000
__Hbank13                                     bank13       000000
__Hbank14                                     bank14       000000
__Hbank15                                     bank15       000000
__Hbank16                                     bank16       000000
__Hbank17                                     bank17       000000
__Hbank18                                     bank18       000000
__Hbank19                                     bank19       000000
__Hbank20                                     bank20       000000
__Hbank21                                     bank21       000000
__Hbank22                                     bank22       000000
__Hbank23                                     bank23       000000
__Hbank24                                     bank24       000000
__Hbank25                                     bank25       000000
__Hbank26                                     bank26       000000
__Hbank27                                     bank27       000000
__Hbank28                                     bank28       000000
__Hbank29                                     bank29       000000
__Hbank30                                     bank30       000000
__Hbank31                                     bank31       000000
__Hbank32                                     bank32       000000
__Hbank33                                     bank33       000000
__Hbank34                                     bank34       000000
__Hbank35                                     bank35       000000
__Hbank36                                     bank36       000000
__Hbank37                                     bank37       000000
__Hbank5                                      bank5        000000
__Hbank6                                      bank6        000000
__Hbank7                                      bank7        000000
__Hbank8                                      bank8        000000
__Hbank9                                      bank9        000000
__Hbigbss                                     bigbss       000000
__Hbigdata                                    bigdata      000000
__Hbigram                                     bigram       000000
__Hbigsfr                                     bigsfr       000000
__Hbss                                        bss          000000
__HbssBANK10                                  bssBANK10    000000
__HbssBANK11                                  bssBANK11    000000
__HbssBANK12                                  bssBANK12    000000
__HbssBANK6                                   bssBANK6     000000
__HbssBANK7                                   bssBANK7     000000
__HbssBANK8                                   bssBANK8     000000
__HbssBANK9                                   bssBANK9     000000
__HbssCOMRAM                                  bssCOMRAM    000000
__Hcinit                                      cinit        000000
__Hclrtext                                    clrtext      000000
__Hcomram                                     comram       000000
__Hconfig                                     config       30000A
__Hconst                                      const        000000
__HcstackCOMRAM                               cstackCOMRAM 000000
__Hdata                                       data         000000
__HdataCOMRAM                                 dataCOMRAM   000000
__Heeprom_data                                eeprom_data  000000
__Hfarbss                                     farbss       000000
__Hfardata                                    fardata      000000
__Hheap                                       heap         000000
__Hibigdata                                   ibigdata     000000
__Hidata                                      idata        000000
__HidataCOMRAM                                idataCOMRAM  000000
__Hidloc                                      idloc        200020
__Hifardata                                   ifardata     000000
__Hinit                                       init         00001E
__Hintsave_regs                               intsave_regs 000000
__Hirdata                                     irdata       000000
__Hivt0x8                                     ivt0x8       00001A
__Hmediumconst                                mediumconst  000000
__HnvCOMRAM                                   nvCOMRAM     000000
__HnvFARRAM                                   nvFARRAM     000000
__Hnvbit                                      nvbit        000000
__Hnvrram                                     nvrram       000000
__Hparam                                      rparam       000000
__Hpowerup                                    powerup      000000
__Hram                                        ram          000000
__Hramtop                                     ramtop       002600
__Hrbit                                       rbit         000000
__Hrbss                                       rbss         000000
__Hrdata                                      rdata        000000
__Hreset_vec                                  reset_vec    000004
__Hrparam                                     rparam       000000
__Hsfr                                        sfr          000000
__Hsmallconst                                 smallconst   000000
__Hspace_0                                    (abs)        002600
__Hspace_1                                    (abs)        000CFF
__Hspace_2                                    (abs)        000000
__Hspace_4                                    (abs)        60000A
__Hstack                                      stack        000000
__Hstruct                                     struct       000000
__Htemp                                       temp         000000
__Htext                                       text         000000
__Htext0                                      text0        000000
__Htext1                                      text1        000000
__Htext10                                     text10       000000
__Htext11                                     text11       000000
__Htext12                                     text12       000000
__Htext13                                     text13       000000
__Htext14                                     text14       000000
__Htext15                                     text15       000000
__Htext16                                     text16       000000
__Htext17                                     text17       000000
__Htext18                                     text18       000000
__Htext19                                     text19       000000
__Htext2                                      text2        000000
__Htext20                                     text20       000000
__Htext21                                     text21       000000
__Htext22                                     text22       000000
__Htext23                                     text23       000000
__Htext24                                     text24       000000
__Htext25                                     text25       000000
__Htext26                                     text26       000000
__Htext27                                     text27       000000
__Htext3                                      text3        000000
__Htext4                                      text4        000000
__Htext5                                      text5        000000
__Htext6                                      text6        000000
__Htext7                                      text7        000000
__Htext8                                      text8        000000
__Htext9                                      text9        000000
__LRAM                                        (abs)        000001
__Labs1                                       abs1         000000
__Lbank10                                     bank10       000000
__Lbank11                                     bank11       000000
__Lbank12                                     bank12       000000
__Lbank13                                     bank13       000000
__Lbank14                                     bank14       000000
__Lbank15                                     bank15       000000
__Lbank16                                     bank16       000000
__Lbank17                                     bank17       000000
__Lbank18                                     bank18       000000
__Lbank19                                     bank19       000000
__Lbank20                                     bank20       000000
__Lbank21                                     bank21       000000
__Lbank22                                     bank22       000000
__Lbank23                                     bank23       000000
__Lbank24                                     bank24       000000
__Lbank25                                     bank25       000000
__Lbank26                                     bank26       000000
__Lbank27                                     bank27       000000
__Lbank28                                     bank28       000000
__Lbank29                                     bank29       000000
__Lbank30                                     bank30       000000
__Lbank31                                     bank31       000000
__Lbank32                                     bank32       000000
__Lbank33                                     bank33       000000
__Lbank34                                     bank34       000000
__Lbank35                                     bank35       000000
__Lbank36                                     bank36       000000
__Lbank37                                     bank37       000000
__Lbank5                                      bank5        000000
__Lbank6                                      bank6        000000
__Lbank7                                      bank7        000000
__Lbank8                                      bank8        000000
__Lbank9                                      bank9        000000
__Lbigbss                                     bigbss       000000
__Lbigdata                                    bigdata      000000
__Lbigram                                     bigram       000000
__Lbigsfr                                     bigsfr       000000
__Lbss                                        bss          000000
__LbssBANK10                                  bssBANK10    000000
__LbssBANK11                                  bssBANK11    000000
__LbssBANK12                                  bssBANK12    000000
__LbssBANK6                                   bssBANK6     000000
__LbssBANK7                                   bssBANK7     000000
__LbssBANK8                                   bssBANK8     000000
__LbssBANK9                                   bssBANK9     000000
__LbssCOMRAM                                  bssCOMRAM    000000
__Lcinit                                      cinit        000000
__Lclrtext                                    clrtext      000000
__Lcomram                                     comram       000000
__Lconfig                                     config       000000
__Lconst                                      const        000000
__LcstackCOMRAM                               cstackCOMRAM 000000
__Ldata                                       data         000000
__LdataCOMRAM                                 dataCOMRAM   000000
__Leeprom_data                                eeprom_data  000000
__Lfarbss                                     farbss       000000
__Lfardata                                    fardata      000000
__Lheap                                       heap         000000
__Libigdata                                   ibigdata     000000
__Lidata                                      idata        000000
__LidataCOMRAM                                idataCOMRAM  000000
__Lidloc                                      idloc        000000
__Lifardata                                   ifardata     000000
__Linit                                       init         00001A
__Lintsave_regs                               intsave_regs 000000
__Lirdata                                     irdata       000000
__Livt0x8                                     ivt0x8       000008
__Lmediumconst                                mediumconst  000000
__LnvCOMRAM                                   nvCOMRAM     000000
__LnvFARRAM                                   nvFARRAM     000000
__Lnvbit                                      nvbit        000000
__Lnvrram                                     nvrram       000000
__Lparam                                      rparam       000000
__Lpowerup                                    powerup      000000
__Lram                                        ram          000000
__Lramtop                                     ramtop       002600
__Lrbit                                       rbit         000000
__Lrbss                                       rbss         000000
__Lrdata                                      rdata        000000
__Lreset_vec                                  reset_vec    000000
__Lrparam                                     rparam       000000
__Lsfr                                        sfr          000000
__Lsmallconst                                 smallconst   000000
__Lspace_0                                    (abs)        000000
__Lspace_1                                    (abs)        000000
__Lspace_2                                    (abs)        000000
__Lspace_4                                    (abs)        000000
__Lstack                                      stack        000000
__Lstruct                                     struct       000000
__Ltemp                                       temp         000000
__Ltext                                       text         000000
__Ltext0                                      text0        000000
__Ltext1                                      text1        000000
__Ltext10                                     text10       000000
__Ltext11                                     text11       000000
__Ltext12                                     text12       000000
__Ltext13                                     text13       000000
__Ltext14                                     text14       000000
__Ltext15                                     text15       000000
__Ltext16                                     text16       000000
__Ltext17                                     text17       000000
__Ltext18                                     text18       000000
__Ltext19                                     text19       000000
__Ltext2                                      text2        000000
__Ltext20                                     text20       000000
__Ltext21                                     text21       000000
__Ltext22                                     text22       000000
__Ltext23                                     text23       000000
__Ltext24                                     text24       000000
__Ltext25                                     text25       000000
__Ltext26                                     text26       000000
__Ltext27                                     text27       000000
__Ltext3                                      text3        000000
__Ltext4                                      text4        000000
__Ltext5                                      text5        000000
__Ltext6                                      text6        000000
__Ltext7                                      text7        000000
__Ltext8                                      text8        000000
__Ltext9                                      text9        000000
__S0                                          (abs)        000BEB
__S1                                          (abs)        000CFF
__S4                                          (abs)        000000
__S5                                          (abs)        000000
___heap_hi                                    (abs)        000000
___heap_lo                                    (abs)        000000
___inthi_sp                                   stack        000000
___intlo_sp                                   stack        000000
___param_bank                                 (abs)        000000
___rparam_used                                (abs)        000001
___sp                                         stack        000000
__accesstop                                   (abs)        000560
__activetblptr                                (abs)        000003
__end_of_CalcCrc16_Poly                       text6        0006C4
__end_of_INTERRUPT_Initialize                 text19       000BE6
__end_of_INTERRUPT_InterruptManager           text20       00093A
__end_of_OSCILLATOR_Initialize                text18       000B6A
__end_of_PIN_MANAGER_Initialize               text17       0008B0
__end_of_PMD_Initialize                       text16       000B4E
__end_of_SYSTEM_Initialize                    text9        000B96
__end_of_UART5_DefaultErrorHandler            text25       000BE2
__end_of_UART5_DefaultFramingErrorHandler     text24       000BEA
__end_of_UART5_DefaultOverrunErrorHandler     text23       000BE8
__end_of_UART5_Initialize                     text10       000818
__end_of_UART5_Read                           text8        000A98
__end_of_UART5_Receive_ISR                    text22       000606
__end_of_UART5_RxDataHandler                  text26       000B04
__end_of_UART5_SetErrorHandler                text15       000BDC
__end_of_UART5_SetFramingErrorHandler         text14       000BCE
__end_of_UART5_SetOverrunErrorHandler         text13       000BC0
__end_of_UART5_SetRxInterruptHandler          text12       000BB2
__end_of_UART5_SetTxInterruptHandler          text11       000BA4
__end_of_UART5_Transmit_ISR                   text21       000ADA
__end_of_UART5_Write                          text5        000A48
__end_of_UART5_is_rx_ready                    text7        000B80
__end_of__initialization                      cinit        00076E
__end_of_main                                 text0        000994
__end_of_memcpy                               text4        0009EE
__end_of_proto_decoder                        text3        0002B6
__end_of_proto_entry                          text1        000B2A
__end_of_proto_parser                         text2        000542
__initialization                              cinit        0006C4
__mediumconst                                 mediumconst  000000
__pbssBANK10                                  bssBANK10    000A00
__pbssBANK11                                  bssBANK11    000B00
__pbssBANK12                                  bssBANK12    000C00
__pbssBANK6                                   bssBANK6     000600
__pbssBANK7                                   bssBANK7     000700
__pbssBANK8                                   bssBANK8     000800
__pbssBANK9                                   bssBANK9     000900
__pbssCOMRAM                                  bssCOMRAM    000501
__pcinit                                      cinit        0006C4
__pcstackCOMRAM                               cstackCOMRAM 000522
__pdataCOMRAM                                 dataCOMRAM   000550
__pidataCOMRAM                                idataCOMRAM  000BEA
__pivt0x8                                     ivt0x8       000008
__pnvCOMRAM                                   nvCOMRAM     000540
__ptext0                                      text0        00093A
__ptext1                                      text1        000B04
__ptext10                                     text10       000774
__ptext11                                     text11       000B96
__ptext12                                     text12       000BA4
__ptext13                                     text13       000BB2
__ptext14                                     text14       000BC0
__ptext15                                     text15       000BCE
__ptext16                                     text16       000B2A
__ptext17                                     text17       000818
__ptext18                                     text18       000B4E
__ptext19                                     text19       000BE2
__ptext2                                      text2        0002B6
__ptext20                                     text20       0008B0
__ptext21                                     text21       000A98
__ptext22                                     text22       000542
__ptext23                                     text23       000BE6
__ptext24                                     text24       000BE8
__ptext25                                     text25       000BDC
__ptext26                                     text26       000ADA
__ptext27                                     text27       000000
__ptext3                                      text3        00001E
__ptext4                                      text4        000994
__ptext5                                      text5        0009EE
__ptext6                                      text6        000606
__ptext7                                      text7        000B6A
__ptext8                                      text8        000A48
__ptext9                                      text9        000B80
__ramtop                                      ramtop       002600
__smallconst                                  smallconst   000000
_answerBuf                                    bssBANK6     000600
_bufferRAM                                    (abs)        001500
_cmdDecoder                                   bssCOMRAM    00050D
_cntTxDecoder                                 bssCOMRAM    00050E
_count                                        bssCOMRAM    000501
_crcDecoderH                                  bssCOMRAM    000520
_crcDecoderL                                  bssCOMRAM    000521
_lenTxDecoder                                 bssCOMRAM    00050F
_main                                         text0        00093A
_memcpy                                       text4        000994
_parserBuffer                                 bssBANK12    000C00
_parserCmd                                    bssCOMRAM    000507
_parserCrcH                                   bssCOMRAM    000504
_parserCrcL                                   bssCOMRAM    000505
_parserEtx                                    bssCOMRAM    000503
_parserIdx                                    bssCOMRAM    00050B
_parserLen                                    bssCOMRAM    00050A
_parserPayBuf                                 bssBANK11    000B00
_parserPayIdx                                 bssCOMRAM    000506
_parserPolicy                                 bssCOMRAM    000508
_parserSender                                 bssCOMRAM    000509
_proto_decoder                                text3        00001E
_proto_entry                                  text1        000B04
_proto_parser                                 text2        0002B6
_qsDecodPack                                  bssBANK7     000700
_statoDecoder                                 bssCOMRAM    000510
_statoParser                                  bssCOMRAM    00050C
_theDeviceID                                  dataCOMRAM   000550
_theFwVersion                                 bssCOMRAM    000518
_theRevisionID                                bssCOMRAM    000511
_uart5RxBuffer                                bssBANK10    000A00
_uart5RxCount                                 bssCOMRAM    000513
_uart5RxHead                                  bssCOMRAM    000515
_uart5RxLastError                             bssCOMRAM    000512
_uart5RxStatusBuffer                          bssBANK8     000800
_uart5RxTail                                  bssCOMRAM    000514
_uart5TxBuffer                                bssBANK9     000900
_uart5TxBufferRemaining                       nvCOMRAM     00054F
_uart5TxHead                                  bssCOMRAM    000517
_uart5TxTail                                  bssCOMRAM    000516
end_of_initialization                         cinit        00076E
intlevel0                                     text         000000
intlevel1                                     text         000000
intlevel2                                     text         000000
intlevel3                                     text         000000
isa$std                                       (abs)        000001
isa$xinst                                     (abs)        000000
ivt0x8_base                                   ivt0x8       000008
memcpy@d                                      cstackCOMRAM 00052A
memcpy@d1                                     cstackCOMRAM 000524
memcpy@n                                      cstackCOMRAM 000528
memcpy@s                                      cstackCOMRAM 00052C
memcpy@s1                                     cstackCOMRAM 000526
memcpy@tmp                                    cstackCOMRAM 00052E
proto_entry@c                                 cstackCOMRAM 00053E
proto_parser@__newChar                        cstackCOMRAM 00053D
proto_parser@nb                               cstackCOMRAM 00053C
stackhi                                       (abs)        000000
stacklo                                       (abs)        000000
start                                         init         00001A
start_initialization                          cinit        0006C4


MODULE INFORMATION

Module		Function		Class		Link	Load	Size
mcc_generated_files/interrupt_manager.c
		_INTERRUPT_Initialize		CODE           	0BE2	0000	4
		_INTERRUPT_InterruptManager		CODE           	08B0	0000	138

mcc_generated_files/interrupt_manager.c estimated size: 142

mcc_generated_files/pin_manager.c
		_PIN_MANAGER_Initialize		CODE           	0818	0000	152

mcc_generated_files/pin_manager.c estimated size: 152

/opt/microchip/xc8/v2.36/pic/sources/c99/common/memcpy.c
		_memcpy        		CODE           	0994	0000	90

/opt/microchip/xc8/v2.36/pic/sources/c99/common/memcpy.c estimated size: 90

mcc_generated_files/uart5.c
		_UART5_SetOverrunErrorHandler		CODE           	0BB2	0000	14
		_UART5_Receive_ISR		CODE           	0542	0000	196
		_UART5_SetRxInterruptHandler		CODE           	0BA4	0000	14
		_UART5_SetTxInterruptHandler		CODE           	0B96	0000	14
		_UART5_Initialize		CODE           	0774	0000	164
		_UART5_SetErrorHandler		CODE           	0BCE	0000	14
		_UART5_Transmit_ISR		CODE           	0A98	0000	66
		_UART5_Read    		CODE           	0A48	0000	80
		_UART5_DefaultFramingErrorHandler		CODE           	0BE8	0000	2
		_UART5_is_rx_ready		CODE           	0B6A	0000	22
		_UART5_DefaultErrorHandler		CODE           	0BDC	0000	6
		_UART5_RxDataHandler		CODE           	0ADA	0000	42
		_UART5_DefaultOverrunErrorHandler		CODE           	0BE6	0000	2
		_UART5_Write   		CODE           	09EE	0000	90
		_UART5_SetFramingErrorHandler		CODE           	0BC0	0000	14

mcc_generated_files/uart5.c estimated size: 740

shared
		__initialization		CODE           	06C4	0000	170

shared estimated size: 170

mcc_generated_files/mcc.c
		_PMD_Initialize		CODE           	0B2A	0000	36
		_OSCILLATOR_Initialize		CODE           	0B4E	0000	28
		_SYSTEM_Initialize		CODE           	0B80	0000	22

mcc_generated_files/mcc.c estimated size: 86

main.c
		_CalcCrc16_Poly		CODE           	0606	0000	190
		_proto_decoder 		CODE           	001E	0000	664
		_main          		CODE           	093A	0000	90
		_proto_parser  		CODE           	02B6	0000	652
		_proto_entry   		CODE           	0B04	0000	38

main.c estimated size: 1634

