Microchip MPLAB XC8 Compiler V2.36

Linker command line:

-W-3 --edf=C:\Program Files\Microchip\xc8\v2.36\pic\dat\en_msgs.txt \
  -pivt0x8=08h -cn -h+dist/default/production\Boot18.X.production.sym \
  --cmf=dist/default/production\Boot18.X.production.cmf -z -Q18F46Q43 \
  -oC:\Users\hp\AppData\Local\Temp\xcAs8v8.4 --defsym=__MPLAB_BUILD=1 \
  -Mdist/default/production/Boot18.X.production.map \
  --md=C:\Users\hp\AppData\Local\Temp\xcAs8v8.dat -E1 -ver=XC8 Compiler \
  --acfsm=1493 -ACODE=00h-0FFFFh -ACONST=00h-0FFFFh \
  -ASMALLCONST=01600h-016FFhx234 -AMEDIUMCONST=01600h-0FFFFh \
  -ACOMRAM=0501h-055Fh -AABS1=0500h-015FFh -ABIGRAM=0501h-015FFh \
  -ARAM=0560h-05FFh,0600h-06FFhx16 -ABANK5=0560h-05FFh -ABANK6=0600h-06FFh \
  -ABANK7=0700h-07FFh -ABANK8=0800h-08FFh -ABANK9=0900h-09FFh \
  -ABANK10=0A00h-0AFFh -ABANK11=0B00h-0BFFh -ABANK12=0C00h-0CFFh \
  -ABANK13=0D00h-0DFFh -ABANK14=0E00h-0EFFh -ABANK15=0F00h-0FFFh \
  -ABANK16=01000h-010FFh -ABANK17=01100h-011FFh -ABANK18=01200h-012FFh \
  -ABANK19=01300h-013FFh -ABANK20=01400h-014FFh -ABANK21=01500h-015FFh \
  -ASFR=00h-0FFhx4,0400h-045Fh,0460h-04FFh -ABIGSFR=00h-04FFh \
  -ACONFIG=0300000h-0300011h -AIDLOC=0200000h-020001Fh \
  -AEEDATA=0380000h-03803FFh -peeprom_data=EEDATA -preset_vec=00h \
  -ppowerup=CODE,init -pramtop=01600h -psmallconst=SMALLCONST \
  -pmediumconst=MEDIUMCONST -pconst=CONST -AFARRAM=00h-00h \
  -prdata=COMRAM,nvrram=COMRAM,nvbit=COMRAM,rbss=COMRAM,rbit=COMRAM \
  -pfarbss=FARRAM,fardata=FARRAM,nvFARRAM=FARRAM \
  -pintsave_regs=BIGRAM,bigbss=BIGRAM,bigdata=BIGRAM -pbss=RAM \
  -pidata=CODE,irdata=CODE,ibigdata=CODE,ifardata=CODE -prparam=COMRAM \
  C:\Users\hp\AppData\Local\Temp\xcAs8v8.o \
  dist/default/production\Boot18.X.production.o 

Object code version is 3.11

Machine type is 18F46Q43



                Name                               Link     Load   Length Selector   Space Scale
C:\Users\hp\AppData\Local\Temp\xcAs8v8.o
                idloc                            200000   200000       20        0       5
                config                           300000   300000        A        0       4
                init                                 1A       1A        4        4       0
                reset_vec                             0        0        4        0       0
dist/default/production\Boot18.X.production.o
                idloc                            200000   200000       20        0       5
                config                           300000   300000        A        0       4
                ivt0x8                                8        8       12        4       0
                text19                              3E0      3E0       2A        4       0
                text18                              4B6      4B6        6        4       0
                text17                              4C2      4C2        2        4       0
                text16                              4C0      4C0        2        4       0
                text15                               1E       1E       C4        4       0
                text14                              39E      39E       42        4       0
                text13                              2BA      2BA       8A        4       0
                text12                              4BC      4BC        4        4       0
                text11                              452      452       1C        4       0
                text10                              190      190       98        4       0
                text9                               42E      42E       24        4       0
                text8                               4AC      4AC        A        4       0
                text7                               4A2      4A2        A        4       0
                text6                               498      498        A        4       0
                text5                               48E      48E        A        4       0
                text4                               484      484        A        4       0
                text3                               228      228       92        4       0
                text2                               46E      46E       16        4       0
                text1                               344      344       5A        4       0
                text0                                E2       E2       AE        4       0
                cstackCOMRAM                        52E      52E        5      501       1
                bssCOMRAM                           501      501       22      501       1
                cinit                               40A      40A       24        4       0
                nvCOMRAM                            523      523        B      501       1

TOTAL           Name                               Link     Load   Length     Space
        CLASS   CODE           
                init                                 1A       1A        4         0
                reset_vec                             0        0        4         0
                ivt0x8                                8        8       12         0
                text19                              3E0      3E0       2A         0
                text18                              4B6      4B6        6         0
                text17                              4C2      4C2        2         0
                text16                              4C0      4C0        2         0
                text15                               1E       1E       C4         0
                text14                              39E      39E       42         0
                text13                              2BA      2BA       8A         0
                text12                              4BC      4BC        4         0
                text11                              452      452       1C         0
                text10                              190      190       98         0
                text9                               42E      42E       24         0
                text8                               4AC      4AC        A         0
                text7                               4A2      4A2        A         0
                text6                               498      498        A         0
                text5                               48E      48E        A         0
                text4                               484      484        A         0
                text3                               228      228       92         0
                text2                               46E      46E       16         0
                text1                               344      344       5A         0
                text0                                E2       E2       AE         0
                cinit                               40A      40A       24         0

        CLASS   CONST          

        CLASS   SMALLCONST     

        CLASS   MEDIUMCONST    

        CLASS   COMRAM         
                cstackCOMRAM                        52E      52E        5         1
                bssCOMRAM                           501      501       22         1
                nvCOMRAM                            523      523        B         1

        CLASS   ABS1           
                abs_s1                             1500     1500        2         1

        CLASS   BIGRAM         

        CLASS   RAM            

        CLASS   BANK5          

        CLASS   BANK6          

        CLASS   BANK7          

        CLASS   BANK8          

        CLASS   BANK9          

        CLASS   BANK10         

        CLASS   BANK11         

        CLASS   BANK12         

        CLASS   BANK13         

        CLASS   BANK14         

        CLASS   BANK15         

        CLASS   BANK16         

        CLASS   BANK17         

        CLASS   BANK18         

        CLASS   BANK19         

        CLASS   BANK20         

        CLASS   BANK21         

        CLASS   SFR            

        CLASS   BIGSFR         

        CLASS   CONFIG         
                config                           300000   300000        A         4

        CLASS   IDLOC          
                idloc                            200000   200000       20         5

        CLASS   EEDATA         

        CLASS   FARRAM         

        CLASS   HEAP           

        CLASS   STACK          



SEGMENTS        Name                           Load    Length   Top    Selector   Space  Class

                reset_vec                      000000  000004  000004         0       0  CODE    
                ivt0x8                         000008  0004BC  0004C4         4       0  CODE    
                bssCOMRAM                      000501  000032  000533       501       1  COMRAM  


UNUSED ADDRESS RANGES

        Name                Unused          Largest block    Delta
        BANK10           000A00-000AFF              100
        BANK11           000B00-000BFF              100
        BANK12           000C00-000CFF              100
        BANK13           000D00-000DFF              100
        BANK14           000E00-000EFF              100
        BANK15           000F00-000FFF              100
        BANK16           001000-0010FF              100
        BANK17           001100-0011FF              100
        BANK18           001200-0012FF              100
        BANK19           001300-0013FF              100
        BANK20           001400-0014FF              100
        BANK21           001502-0015FF               FE
        BANK5            000560-0005FF               A0
        BANK6            000600-0006FF              100
        BANK7            000700-0007FF              100
        BANK8            000800-0008FF              100
        BANK9            000900-0009FF              100
        BIGRAM           000533-0014FF              FCD
                         001502-0015FF               FE
        BIGSFR           000000-0004FF              500
        CODE             000004-000007                4
                         0004C4-00FFFF             FB3C
        COMRAM           000533-00055F               2D
        CONFIG           30000A-300011                8
        CONST            000004-000007                4
                         0004C4-00FFFF             FB3C
        EEDATA           380000-3803FF              400
        MEDIUMCONST      001600-00FFFF             EA00
        RAM              000560-0014FF              100
                         001502-0015FF               FE
        SFR              000000-0004FF              100
        SMALLCONST       001600-00FFFF              100

                                  Symbol Table

IVTBASEH                                      (abs)        00045E
IVTBASEL                                      (abs)        00045D
IVTBASEU                                      (abs)        00045F
UART5_SetErrorHandler@interruptHandler        cstackCOMRAM 000530
UART5_SetFramingErrorHandler@interruptHandler cstackCOMRAM 000530
UART5_SetOverrunErrorHandler@interruptHandler cstackCOMRAM 000530
UART5_SetRxInterruptHandler@InterruptHandler  cstackCOMRAM 000530
UART5_SetTxInterruptHandler@InterruptHandler  cstackCOMRAM 000530
UART5_Write@txData                            cstackCOMRAM 000530
_ACTCON                                       (abs)        0000AC
_ANSELA                                       (abs)        000400
_ANSELB                                       (abs)        000408
_ANSELC                                       (abs)        000410
_ANSELD                                       (abs)        000418
_ANSELE                                       (abs)        000420
_INLVLA                                       (abs)        000404
_INLVLB                                       (abs)        00040C
_INLVLC                                       (abs)        000414
_INLVLD                                       (abs)        00041C
_INLVLE                                       (abs)        000424
_INTCON0bits                                  (abs)        0004D6
_INTERRUPT_Initialize                         text12       0004BC
_INTERRUPT_InterruptManager                   text13       0002BA
_LATA                                         (abs)        0004BE
_LATB                                         (abs)        0004BF
_LATBbits                                     (abs)        0004BF
_LATC                                         (abs)        0004C0
_LATD                                         (abs)        0004C1
_LATE                                         (abs)        0004C2
_NVMADRH                                      (abs)        000044
_NVMADRL                                      (abs)        000043
_NVMADRU                                      (abs)        000045
_NVMCON0bits                                  (abs)        000040
_NVMCON1bits                                  (abs)        000041
_NVMDATL                                      (abs)        000046
_NVMLOCK                                      (abs)        000042
_ODCONA                                       (abs)        000402
_ODCONB                                       (abs)        00040A
_ODCONC                                       (abs)        000412
_ODCOND                                       (abs)        00041A
_ODCONE                                       (abs)        000422
_OSCCON1                                      (abs)        0000AD
_OSCCON3                                      (abs)        0000AF
_OSCEN                                        (abs)        0000B3
_OSCFRQ                                       (abs)        0000B1
_OSCILLATOR_Initialize                        text11       000452
_OSCTUNE                                      (abs)        0000B0
_PIE13bits                                    (abs)        0004AB
_PIN_MANAGER_Initialize                       text10       000190
_PIR13bits                                    (abs)        0004BB
_PIR15bits                                    (abs)        0004BD
_PMD0                                         (abs)        000060
_PMD1                                         (abs)        000061
_PMD3                                         (abs)        000063
_PMD4                                         (abs)        000064
_PMD5                                         (abs)        000065
_PMD6                                         (abs)        000066
_PMD7                                         (abs)        000067
_PMD8                                         (abs)        000068
_PMD_Initialize                               text9        00042E
_RB1I2C                                       (abs)        000289
_RB2I2C                                       (abs)        000288
_RC3I2C                                       (abs)        000287
_RC4I2C                                       (abs)        000286
_RC5PPS                                       (abs)        000216
_SLRCONA                                      (abs)        000403
_SLRCONB                                      (abs)        00040B
_SLRCONC                                      (abs)        000413
_SLRCOND                                      (abs)        00041B
_SLRCONE                                      (abs)        000423
_SYSTEM_Initialize                            text2        00046E
_TABLAT                                       (abs)        0004F5
_TBLPTRH                                      (abs)        0004F7
_TBLPTRL                                      (abs)        0004F6
_TBLPTRU                                      (abs)        0004F8
_TRISA                                        (abs)        0004C6
_TRISB                                        (abs)        0004C7
_TRISC                                        (abs)        0004C8
_TRISD                                        (abs)        0004C9
_TRISE                                        (abs)        0004CA
_U5BRGH                                       (abs)        0002FB
_U5BRGL                                       (abs)        0002FA
_U5CON0                                       (abs)        0002F7
_U5CON1                                       (abs)        0002F8
_U5CON2                                       (abs)        0002F9
_U5ERRIE                                      (abs)        0002FF
_U5ERRIR                                      (abs)        0002FE
_U5ERRIRbits                                  (abs)        0002FE
_U5FIFO                                       (abs)        0002FC
_U5P1L                                        (abs)        0002F1
_U5P2L                                        (abs)        0002F3
_U5P3L                                        (abs)        0002F5
_U5RXB                                        (abs)        0002ED
_U5RXPPS                                      (abs)        00027A
_U5TXB                                        (abs)        0002EF
_U5UIR                                        (abs)        0002FD
_UART5_DefaultErrorHandler                    text18       0004B6
_UART5_DefaultFramingErrorHandler             text17       0004C2
_UART5_DefaultOverrunErrorHandler             text16       0004C0
_UART5_ErrorHandler                           nvCOMRAM     000523
_UART5_FramingErrorHandler                    nvCOMRAM     000527
_UART5_Initialize                             text3        000228
_UART5_OverrunErrorHandler                    nvCOMRAM     000525
_UART5_Receive_ISR                            text15       00001E
_UART5_RxDataHandler                          text19       0003E0
_UART5_RxInterruptHandler                     nvCOMRAM     00052B
_UART5_SetErrorHandler                        text8        0004AC
_UART5_SetFramingErrorHandler                 text7        0004A2
_UART5_SetOverrunErrorHandler                 text6        000498
_UART5_SetRxInterruptHandler                  text5        00048E
_UART5_SetTxInterruptHandler                  text4        000484
_UART5_Transmit_ISR                           text14       00039E
_UART5_TxInterruptHandler                     nvCOMRAM     000529
_UART5_Write                                  text1        000344
_WPUA                                         (abs)        000401
_WPUB                                         (abs)        000409
_WPUC                                         (abs)        000411
_WPUD                                         (abs)        000419
_WPUE                                         (abs)        000421
__HRAM                                        (abs)        000000
__Habs1                                       abs1         000000
__Hbank10                                     bank10       000000
__Hbank11                                     bank11       000000
__Hbank12                                     bank12       000000
__Hbank13                                     bank13       000000
__Hbank14                                     bank14       000000
__Hbank15                                     bank15       000000
__Hbank16                                     bank16       000000
__Hbank17                                     bank17       000000
__Hbank18                                     bank18       000000
__Hbank19                                     bank19       000000
__Hbank20                                     bank20       000000
__Hbank21                                     bank21       000000
__Hbank5                                      bank5        000000
__Hbank6                                      bank6        000000
__Hbank7                                      bank7        000000
__Hbank8                                      bank8        000000
__Hbank9                                      bank9        000000
__Hbigbss                                     bigbss       000000
__Hbigdata                                    bigdata      000000
__Hbigram                                     bigram       000000
__Hbigsfr                                     bigsfr       000000
__Hbss                                        bss          000000
__HbssCOMRAM                                  bssCOMRAM    000000
__Hcinit                                      cinit        000000
__Hclrtext                                    clrtext      000000
__Hcomram                                     comram       000000
__Hconfig                                     config       30000A
__Hconst                                      const        000000
__HcstackCOMRAM                               cstackCOMRAM 000000
__Hdata                                       data         000000
__Heeprom_data                                eeprom_data  000000
__Hfarbss                                     farbss       000000
__Hfardata                                    fardata      000000
__Hheap                                       heap         000000
__Hibigdata                                   ibigdata     000000
__Hidata                                      idata        000000
__Hidloc                                      idloc        200020
__Hifardata                                   ifardata     000000
__Hinit                                       init         00001E
__Hintsave_regs                               intsave_regs 000000
__Hirdata                                     irdata       000000
__Hivt0x8                                     ivt0x8       00001A
__Hmediumconst                                mediumconst  000000
__HnvCOMRAM                                   nvCOMRAM     000000
__HnvFARRAM                                   nvFARRAM     000000
__Hnvbit                                      nvbit        000000
__Hnvrram                                     nvrram       000000
__Hparam                                      rparam       000000
__Hpowerup                                    powerup      000000
__Hram                                        ram          000000
__Hramtop                                     ramtop       001600
__Hrbit                                       rbit         000000
__Hrbss                                       rbss         000000
__Hrdata                                      rdata        000000
__Hreset_vec                                  reset_vec    000004
__Hrparam                                     rparam       000000
__Hsfr                                        sfr          000000
__Hsmallconst                                 smallconst   000000
__Hspace_0                                    (abs)        001600
__Hspace_1                                    (abs)        000533
__Hspace_2                                    (abs)        000000
__Hspace_4                                    (abs)        60000A
__Hstack                                      stack        000000
__Hstruct                                     struct       000000
__Htemp                                       temp         000000
__Htext                                       text         000000
__Htext0                                      text0        000000
__Htext1                                      text1        000000
__Htext10                                     text10       000000
__Htext11                                     text11       000000
__Htext12                                     text12       000000
__Htext13                                     text13       000000
__Htext14                                     text14       000000
__Htext15                                     text15       000000
__Htext16                                     text16       000000
__Htext17                                     text17       000000
__Htext18                                     text18       000000
__Htext19                                     text19       000000
__Htext2                                      text2        000000
__Htext20                                     text20       000000
__Htext3                                      text3        000000
__Htext4                                      text4        000000
__Htext5                                      text5        000000
__Htext6                                      text6        000000
__Htext7                                      text7        000000
__Htext8                                      text8        000000
__Htext9                                      text9        000000
__LRAM                                        (abs)        000001
__Labs1                                       abs1         000000
__Lbank10                                     bank10       000000
__Lbank11                                     bank11       000000
__Lbank12                                     bank12       000000
__Lbank13                                     bank13       000000
__Lbank14                                     bank14       000000
__Lbank15                                     bank15       000000
__Lbank16                                     bank16       000000
__Lbank17                                     bank17       000000
__Lbank18                                     bank18       000000
__Lbank19                                     bank19       000000
__Lbank20                                     bank20       000000
__Lbank21                                     bank21       000000
__Lbank5                                      bank5        000000
__Lbank6                                      bank6        000000
__Lbank7                                      bank7        000000
__Lbank8                                      bank8        000000
__Lbank9                                      bank9        000000
__Lbigbss                                     bigbss       000000
__Lbigdata                                    bigdata      000000
__Lbigram                                     bigram       000000
__Lbigsfr                                     bigsfr       000000
__Lbss                                        bss          000000
__LbssCOMRAM                                  bssCOMRAM    000000
__Lcinit                                      cinit        000000
__Lclrtext                                    clrtext      000000
__Lcomram                                     comram       000000
__Lconfig                                     config       000000
__Lconst                                      const        000000
__LcstackCOMRAM                               cstackCOMRAM 000000
__Ldata                                       data         000000
__Leeprom_data                                eeprom_data  000000
__Lfarbss                                     farbss       000000
__Lfardata                                    fardata      000000
__Lheap                                       heap         000000
__Libigdata                                   ibigdata     000000
__Lidata                                      idata        000000
__Lidloc                                      idloc        000000
__Lifardata                                   ifardata     000000
__Linit                                       init         00001A
__Lintsave_regs                               intsave_regs 000000
__Lirdata                                     irdata       000000
__Livt0x8                                     ivt0x8       000008
__Lmediumconst                                mediumconst  000000
__LnvCOMRAM                                   nvCOMRAM     000000
__LnvFARRAM                                   nvFARRAM     000000
__Lnvbit                                      nvbit        000000
__Lnvrram                                     nvrram       000000
__Lparam                                      rparam       000000
__Lpowerup                                    powerup      000000
__Lram                                        ram          000000
__Lramtop                                     ramtop       001600
__Lrbit                                       rbit         000000
__Lrbss                                       rbss         000000
__Lrdata                                      rdata        000000
__Lreset_vec                                  reset_vec    000000
__Lrparam                                     rparam       000000
__Lsfr                                        sfr          000000
__Lsmallconst                                 smallconst   000000
__Lspace_0                                    (abs)        000000
__Lspace_1                                    (abs)        000000
__Lspace_2                                    (abs)        000000
__Lspace_4                                    (abs)        000000
__Lstack                                      stack        000000
__Lstruct                                     struct       000000
__Ltemp                                       temp         000000
__Ltext                                       text         000000
__Ltext0                                      text0        000000
__Ltext1                                      text1        000000
__Ltext10                                     text10       000000
__Ltext11                                     text11       000000
__Ltext12                                     text12       000000
__Ltext13                                     text13       000000
__Ltext14                                     text14       000000
__Ltext15                                     text15       000000
__Ltext16                                     text16       000000
__Ltext17                                     text17       000000
__Ltext18                                     text18       000000
__Ltext19                                     text19       000000
__Ltext2                                      text2        000000
__Ltext20                                     text20       000000
__Ltext3                                      text3        000000
__Ltext4                                      text4        000000
__Ltext5                                      text5        000000
__Ltext6                                      text6        000000
__Ltext7                                      text7        000000
__Ltext8                                      text8        000000
__Ltext9                                      text9        000000
__S0                                          (abs)        0004C4
__S1                                          (abs)        000533
__S4                                          (abs)        000000
__S5                                          (abs)        000000
___heap_hi                                    (abs)        000000
___heap_lo                                    (abs)        000000
___inthi_sp                                   stack        000000
___intlo_sp                                   stack        000000
___param_bank                                 (abs)        000000
___rparam_used                                (abs)        000001
___sp                                         stack        000000
__accesstop                                   (abs)        000560
__activetblptr                                (abs)        000002
__end_of_INTERRUPT_Initialize                 text12       0004C0
__end_of_INTERRUPT_InterruptManager           text13       000344
__end_of_OSCILLATOR_Initialize                text11       00046E
__end_of_PIN_MANAGER_Initialize               text10       000228
__end_of_PMD_Initialize                       text9        000452
__end_of_SYSTEM_Initialize                    text2        000484
__end_of_UART5_DefaultErrorHandler            text18       0004BC
__end_of_UART5_DefaultFramingErrorHandler     text17       0004C4
__end_of_UART5_DefaultOverrunErrorHandler     text16       0004C2
__end_of_UART5_Initialize                     text3        0002BA
__end_of_UART5_Receive_ISR                    text15       0000E2
__end_of_UART5_RxDataHandler                  text19       00040A
__end_of_UART5_SetErrorHandler                text8        0004B6
__end_of_UART5_SetFramingErrorHandler         text7        0004AC
__end_of_UART5_SetOverrunErrorHandler         text6        0004A2
__end_of_UART5_SetRxInterruptHandler          text5        000498
__end_of_UART5_SetTxInterruptHandler          text4        00048E
__end_of_UART5_Transmit_ISR                   text14       0003E0
__end_of_UART5_Write                          text1        00039E
__end_of__initialization                      cinit        000424
__end_of_main                                 text0        000190
__initialization                              cinit        00040A
__mediumconst                                 mediumconst  000000
__pbssCOMRAM                                  bssCOMRAM    000501
__pcinit                                      cinit        00040A
__pcstackCOMRAM                               cstackCOMRAM 00052E
__pivt0x8                                     ivt0x8       000008
__pnvCOMRAM                                   nvCOMRAM     000523
__ptext0                                      text0        0000E2
__ptext1                                      text1        000344
__ptext10                                     text10       000190
__ptext11                                     text11       000452
__ptext12                                     text12       0004BC
__ptext13                                     text13       0002BA
__ptext14                                     text14       00039E
__ptext15                                     text15       00001E
__ptext16                                     text16       0004C0
__ptext17                                     text17       0004C2
__ptext18                                     text18       0004B6
__ptext19                                     text19       0003E0
__ptext2                                      text2        00046E
__ptext20                                     text20       000000
__ptext3                                      text3        000228
__ptext4                                      text4        000484
__ptext5                                      text5        00048E
__ptext6                                      text6        000498
__ptext7                                      text7        0004A2
__ptext8                                      text8        0004AC
__ptext9                                      text9        00042E
__ramtop                                      ramtop       001600
__smallconst                                  smallconst   000000
_bufferRAM                                    (abs)        001500
_count                                        bssCOMRAM    000519
_g_RxCounter                                  bssCOMRAM    00051B
_main                                         text0        0000E2
_uart5RxBuffer                                bssCOMRAM    000509
_uart5RxCount                                 bssCOMRAM    00051E
_uart5RxHead                                  bssCOMRAM    000520
_uart5RxLastError                             bssCOMRAM    00051D
_uart5RxStatusBuffer                          bssCOMRAM    000501
_uart5RxTail                                  bssCOMRAM    00051F
_uart5TxBuffer                                bssCOMRAM    000511
_uart5TxBufferRemaining                       nvCOMRAM     00052D
_uart5TxHead                                  bssCOMRAM    000522
_uart5TxTail                                  bssCOMRAM    000521
end_of_initialization                         cinit        000424
intlevel0                                     text         000000
intlevel1                                     text         000000
intlevel2                                     text         000000
intlevel3                                     text         000000
isa$std                                       (abs)        000001
isa$xinst                                     (abs)        000000
ivt0x8_base                                   ivt0x8       000008
stackhi                                       (abs)        000000
stacklo                                       (abs)        000000
start                                         init         00001A
start_initialization                          cinit        00040A


MODULE INFORMATION

Module		Function		Class		Link	Load	Size
mcc_generated_files/interrupt_manager.c
		_INTERRUPT_Initialize		CODE           	04BC	0000	4
		_INTERRUPT_InterruptManager		CODE           	02BA	0000	138

mcc_generated_files/interrupt_manager.c estimated size: 142

mcc_generated_files/pin_manager.c
		_PIN_MANAGER_Initialize		CODE           	0190	0000	152

mcc_generated_files/pin_manager.c estimated size: 152

mcc_generated_files/uart5.c
		_UART5_SetOverrunErrorHandler		CODE           	0498	0000	10
		_UART5_Receive_ISR		CODE           	001E	0000	196
		_UART5_SetRxInterruptHandler		CODE           	048E	0000	10
		_UART5_SetTxInterruptHandler		CODE           	0484	0000	10
		_UART5_Initialize		CODE           	0228	0000	146
		_UART5_SetErrorHandler		CODE           	04AC	0000	10
		_UART5_Transmit_ISR		CODE           	039E	0000	66
		_UART5_DefaultFramingErrorHandler		CODE           	04C2	0000	2
		_UART5_DefaultErrorHandler		CODE           	04B6	0000	6
		_UART5_RxDataHandler		CODE           	03E0	0000	42
		_UART5_DefaultOverrunErrorHandler		CODE           	04C0	0000	2
		_UART5_Write   		CODE           	0344	0000	90
		_UART5_SetFramingErrorHandler		CODE           	04A2	0000	10

mcc_generated_files/uart5.c estimated size: 600

shared
		__initialization		CODE           	040A	0000	26

shared estimated size: 26

mcc_generated_files/mcc.c
		_PMD_Initialize		CODE           	042E	0000	36
		_OSCILLATOR_Initialize		CODE           	0452	0000	28
		_SYSTEM_Initialize		CODE           	046E	0000	22

mcc_generated_files/mcc.c estimated size: 86

main.c
		_main          		CODE           	00E2	0000	174

main.c estimated size: 174

